// Jest Snapshot v1, https://goo.gl/fbAQLP

exports[`Rocket render correctly 1`] = `
<div
  className="cont1"
>
  <div
    className="rockets"
  />
</div>
`;
